2026-10-10T12:52:45+00:00 harness: start 20261010-125245 revision 41e5ee5
2026-10-10T12:52:45+00:00 harness: python 3.11.2 Linux-6.1.158+-x86_64-with-glibc2.36
2026-10-10T12:52:45+00:00 unit: starting unittest suite
2026-10-10T12:52:46+00:00 unit: test_UT_BOOT_01_modules_import (tests.test_unit.BootTests.test_UT_BOOT_01_modules_import) ... ok
           test_UT_BOOT_02_config_contract (tests.test_unit.BootTests.test_UT_BOOT_02_config_contract) ... ok
           test_UT_BOOT_03_run_columns_match_the_model (tests.test_unit.BootTests.test_UT_BOOT_03_run_columns_match_the_model) ... ok
           test_UT_BRW_01_libs_do_not_leak (tests.test_unit.BrowserLaunchTests.test_UT_BRW_01_libs_do_not_leak) ... ok
           test_UT_BRW_02_missing_binary_raises (tests.test_unit.BrowserLaunchTests.test_UT_BRW_02_missing_binary_raises) ... ok
           test_UT_BRW_03_install_hint (tests.test_unit.BrowserLaunchTests.test_UT_BRW_03_install_hint) ... ok
           test_UT_BRW_04_video_disabled_for_override (tests.test_unit.BrowserLaunchTests.test_UT_BRW_04_video_disabled_for_override) ... ok
           test_UT_DOC_01_catalog_ids_match (tests.test_unit.CatalogTests.test_UT_DOC_01_catalog_ids_match) ... ok
           test_UT_REP_01_navigate_interpolates (tests.test_unit.ReplayTests.test_UT_REP_01_navigate_interpolates) ... ok
           test_UT_REP_02_click_selector (tests.test_unit.ReplayTests.test_UT_REP_02_click_selector) ... ok
           test_UT_REP_03_click_coordinate_fallback (tests.test_unit.ReplayTests.test_UT_REP_03_click_coordinate_fallback) ... ok
           test_UT_REP_04_click_without_target (tests.test_unit.ReplayTests.test_UT_REP_04_click_without_target) ... ok
           test_UT_REP_05_type_interpolates (tests.test_unit.ReplayTests.test_UT_REP_05_type_interpolates) ... ok
           test_UT_REP_06_fill_replaces (tests.test_unit.ReplayTests.test_UT_REP_06_fill_replaces) ... ok
           test_UT_REP_07_press_key (tests.test_unit.ReplayTests.test_UT_REP_07_press_key) ... ok
           test_UT_REP_08_unsupported_action (tests.test_unit.ReplayTests.test_UT_REP_08_unsupported_action) ... ok
           test_UT_REP_09_navigate_without_url (tests.test_unit.ReplayTests.test_UT_REP_09_navigate_without_url) ... ok
           test_UT_RUN_01_no_steps_fails_closed (tests.test_unit.RunTests.test_UT_RUN_01_no_steps_fails_closed) ... ok
           test_UT_RUN_02_missing_recording (tests.test_unit.RunTests.test_UT_RUN_02_missing_recording) ... ok
           test_UT_SEC_01_redact_password (tests.test_unit.SecurityTests.test_UT_SEC_01_redact_password) ... ok
           test_UT_URL_01_blank_sample_app (tests.test_unit.UrlTests.test_UT_URL_01_blank_sample_app) ... ok
           test_UT_URL_02_relative_loopback (tests.test_unit.UrlTests.test_UT_URL_02_relative_loopback) ... ok
           test_UT_URL_03_scheme_less_https (tests.test_unit.UrlTests.test_UT_URL_03_scheme_less_https) ... ok
           test_UT_URL_04_external_unchanged (tests.test_unit.UrlTests.test_UT_URL_04_external_unchanged) ... ok
           test_UT_URL_05_file_scheme_rejected (tests.test_unit.UrlTests.test_UT_URL_05_file_scheme_rejected) ... ok
           test_UT_URL_06_preview_host_rewritten (tests.test_unit.UrlTests.test_UT_URL_06_preview_host_rewritten) ... ok
           test_UT_URL_07_other_local_port_preserved (tests.test_unit.UrlTests.test_UT_URL_07_other_local_port_preserved) ... ok
           test_UT_URL_08_query_preserved (tests.test_unit.UrlTests.test_UT_URL_08_query_preserved) ... ok
           test_UT_VAR_01_known_keys (tests.test_unit.VariableTests.test_UT_VAR_01_known_keys) ... ok
           test_UT_VAR_02_unknown_key_kept (tests.test_unit.VariableTests.test_UT_VAR_02_unknown_key_kept) ... ok
           test_UT_VAR_03_empty_text (tests.test_unit.VariableTests.test_UT_VAR_03_empty_text) ... ok
           test_UT_VAR_04_inner_whitespace (tests.test_unit.VariableTests.test_UT_VAR_04_inner_whitespace) ... ok
           
           ----------------------------------------------------------------------
           Ran 32 tests in 0.064s
           
           OK
           
2026-10-10T12:52:46+00:00 unit: 32 ran, 0 failed, 0 errors
2026-10-10T12:52:54+00:00 harness: PASS 48 passed, 0 failed, 0 skipped
2026-10-10T12:52:54+00:00 harness: report /home/user/testforge/logs/20261010-125245/results.md
